[2026-05-29 03:53:27] ===== MULAI PROSES NOTIFIKASI H-1 =====
[2026-05-29 03:53:27] Ditemukan 1 peminjaman yang perlu dinotifikasi.
[2026-05-29 03:53:27] Mengirim ke: Andi Pratama <alfredocameleon@gmail.com> | Barang: Kikir Plat (ALT-005)
[2026-05-29 03:53:29]   ✗ GAGAL dikirim ke alfredocameleon@gmail.com (cek konfigurasi mail server)
[2026-05-29 03:53:29] -------------------------------------------
[2026-05-29 03:53:29] Selesai. Berhasil: 0 | Gagal: 1 | Total: 1
[2026-05-29 03:53:29] ===== SELESAI =====
[2026-05-29 04:12:25] ===== MULAI PROSES NOTIFIKASI H-1 =====
[2026-05-29 04:12:25] Ditemukan 1 peminjaman yang perlu dinotifikasi.
[2026-05-29 04:12:25] Mengirim ke: Andi Pratama <alfredocameleon@gmail.com> | Barang: Kikir Plat (ALT-005)
[2026-05-29 04:12:27]   ✗ GAGAL dikirim ke alfredocameleon@gmail.com (cek konfigurasi mail server)
[2026-05-29 04:12:27] -------------------------------------------
[2026-05-29 04:12:27] Selesai. Berhasil: 0 | Gagal: 1 | Total: 1
[2026-05-29 04:12:27] ===== SELESAI =====
[2026-05-29 04:14:15] ===== MULAI PROSES NOTIFIKASI H-1 =====
[2026-05-29 04:14:15] Ditemukan 1 peminjaman yang perlu dinotifikasi.
[2026-05-29 04:14:15] Mengirim ke: Andi Pratama <alfredocameleon@gmail.com> | Barang: Kikir Plat (ALT-005)
[2026-05-29 04:14:17]   ✗ GAGAL dikirim ke alfredocameleon@gmail.com (cek konfigurasi mail server)
[2026-05-29 04:14:18] -------------------------------------------
[2026-05-29 04:14:18] Selesai. Berhasil: 0 | Gagal: 1 | Total: 1
[2026-05-29 04:14:18] ===== SELESAI =====
[2026-05-29 04:14:23] ===== MULAI PROSES NOTIFIKASI H-1 =====
[2026-05-29 04:14:23] Ditemukan 1 peminjaman yang perlu dinotifikasi.
[2026-05-29 04:14:23] Mengirim ke: Andi Pratama <alfredocameleon@gmail.com> | Barang: Kikir Plat (ALT-005)
[2026-05-29 04:14:25]   ✗ GAGAL dikirim ke alfredocameleon@gmail.com (cek konfigurasi mail server)
[2026-05-29 04:14:25] -------------------------------------------
[2026-05-29 04:14:25] Selesai. Berhasil: 0 | Gagal: 1 | Total: 1
[2026-05-29 04:14:25] ===== SELESAI =====
[2026-05-29 04:15:16] ===== MULAI PROSES NOTIFIKASI H-1 =====
[2026-05-29 04:15:16] Ditemukan 1 peminjaman yang perlu dinotifikasi.
[2026-05-29 04:15:16] Mengirim ke: Andi Pratama <alfredocameleon@gmail.com> | Barang: Kikir Plat (ALT-005)
[2026-05-29 04:15:18]   ✗ GAGAL dikirim ke alfredocameleon@gmail.com (cek konfigurasi mail server)
[2026-05-29 04:15:19] -------------------------------------------
[2026-05-29 04:15:19] Selesai. Berhasil: 0 | Gagal: 1 | Total: 1
[2026-05-29 04:15:19] ===== SELESAI =====
[2026-05-29 04:18:40] ===== MULAI PROSES NOTIFIKASI H-1 =====
[2026-05-29 04:18:40] Ditemukan 1 peminjaman yang perlu dinotifikasi.
[2026-05-29 04:18:40] Mengirim ke: Andi Pratama <alfredocameleon@gmail.com> | Barang: Kikir Plat (ALT-005)
[2026-05-29 04:18:43]   ✗ GAGAL dikirim ke alfredocameleon@gmail.com (cek konfigurasi mail server)
[2026-05-29 04:18:43] -------------------------------------------
[2026-05-29 04:18:43] Selesai. Berhasil: 0 | Gagal: 1 | Total: 1
[2026-05-29 04:18:43] ===== SELESAI =====
[2026-05-29 04:18:58] ===== MULAI PROSES NOTIFIKASI H-1 =====
[2026-05-29 04:18:58] Ditemukan 1 peminjaman yang perlu dinotifikasi.
[2026-05-29 04:18:58] Mengirim ke: Andi Pratama <alfredocameleon@gmail.com> | Barang: Kikir Plat (ALT-005)
[2026-05-29 04:19:01]   ✗ GAGAL dikirim ke alfredocameleon@gmail.com (cek konfigurasi mail server)
[2026-05-29 04:19:01] -------------------------------------------
[2026-05-29 04:19:01] Selesai. Berhasil: 0 | Gagal: 1 | Total: 1
[2026-05-29 04:19:01] ===== SELESAI =====
[2026-05-29 04:20:44] ===== MULAI PROSES NOTIFIKASI H-1 =====
[2026-05-29 04:20:44] Ditemukan 1 peminjaman yang perlu dinotifikasi.
[2026-05-29 04:20:44] Mengirim ke: Andi Pratama <alfredocameleon@gmail.com> | Barang: Kikir Plat (ALT-005)
[2026-05-29 04:20:47]   ✗ GAGAL dikirim ke alfredocameleon@gmail.com (cek konfigurasi mail server)
[2026-05-29 04:20:47] -------------------------------------------
[2026-05-29 04:20:47] Selesai. Berhasil: 0 | Gagal: 1 | Total: 1
[2026-05-29 04:20:47] ===== SELESAI =====
[2026-05-29 04:21:28] ===== MULAI PROSES NOTIFIKASI H-1 =====
[2026-05-29 04:21:28] Ditemukan 1 peminjaman yang perlu dinotifikasi.
[2026-05-29 04:21:28] Mengirim ke: Andi Pratama <alfredocameleon@gmail.com> | Barang: Kikir Plat (ALT-005)
[2026-05-29 04:21:30]   ✗ GAGAL dikirim ke alfredocameleon@gmail.com (cek konfigurasi mail server)
[2026-05-29 04:21:30] -------------------------------------------
[2026-05-29 04:21:30] Selesai. Berhasil: 0 | Gagal: 1 | Total: 1
[2026-05-29 04:21:30] ===== SELESAI =====
[2026-05-29 04:22:11] ===== MULAI PROSES NOTIFIKASI H-1 =====
[2026-05-29 04:22:11] Ditemukan 1 peminjaman yang perlu dinotifikasi.
[2026-05-29 04:22:11] Mengirim ke: Andi Pratama <alfredocameleon@gmail.com> | Barang: Kikir Plat (ALT-005)
[2026-05-29 04:22:13]   ✗ GAGAL dikirim ke alfredocameleon@gmail.com (cek konfigurasi mail server)
[2026-05-29 04:22:13] -------------------------------------------
[2026-05-29 04:22:13] Selesai. Berhasil: 0 | Gagal: 1 | Total: 1
[2026-05-29 04:22:13] ===== SELESAI =====
[2026-05-29 04:25:35] ===== MULAI PROSES NOTIFIKASI H-1 =====
[2026-05-29 04:25:35] Ditemukan 1 peminjaman yang perlu dinotifikasi.
[2026-05-29 04:25:35] Mengirim ke: Andi Pratama <alfredocameleon@gmail.com> | Barang: Kikir Plat (ALT-005)
[2026-05-29 04:25:37]   ✗ GAGAL dikirim ke alfredocameleon@gmail.com (cek konfigurasi mail server)
[2026-05-29 04:25:37] -------------------------------------------
[2026-05-29 04:25:37] Selesai. Berhasil: 0 | Gagal: 1 | Total: 1
[2026-05-29 04:25:37] ===== SELESAI =====
[2026-05-29 04:25:42] ===== MULAI PROSES NOTIFIKASI H-1 =====
[2026-05-29 04:25:42] Ditemukan 1 peminjaman yang perlu dinotifikasi.
[2026-05-29 04:25:42] Mengirim ke: Andi Pratama <alfredocameleon@gmail.com> | Barang: Kikir Plat (ALT-005)
[2026-05-29 04:25:44]   ✗ GAGAL dikirim ke alfredocameleon@gmail.com (cek konfigurasi mail server)
[2026-05-29 04:25:44] -------------------------------------------
[2026-05-29 04:25:44] Selesai. Berhasil: 0 | Gagal: 1 | Total: 1
[2026-05-29 04:25:44] ===== SELESAI =====
[2026-05-29 04:26:22] ===== MULAI PROSES NOTIFIKASI H-1 =====
[2026-05-29 04:26:22] Ditemukan 1 peminjaman yang perlu dinotifikasi.
[2026-05-29 04:26:22] Mengirim ke: Andi Pratama <alfredocameleon@gmail.com> | Barang: Kikir Plat (ALT-005)
[2026-05-29 04:26:24]   ✗ GAGAL dikirim ke alfredocameleon@gmail.com (cek konfigurasi mail server)
[2026-05-29 04:26:24] -------------------------------------------
[2026-05-29 04:26:24] Selesai. Berhasil: 0 | Gagal: 1 | Total: 1
[2026-05-29 04:26:24] ===== SELESAI =====
[2026-05-29 04:27:36] ===== MULAI PROSES NOTIFIKASI H-1 =====
[2026-05-29 04:27:36] Ditemukan 1 peminjaman yang perlu dinotifikasi.
[2026-05-29 04:27:36] Mengirim ke: Andi Pratama <alfredocameleon@gmail.com> | Barang: Kikir Plat (ALT-005)
[2026-05-29 04:27:40]   ✓ BERHASIL dikirim ke alfredocameleon@gmail.com
[2026-05-29 04:27:41] -------------------------------------------
[2026-05-29 04:27:41] Selesai. Berhasil: 1 | Gagal: 0 | Total: 1
[2026-05-29 04:27:41] ===== SELESAI =====
[2026-05-29 04:27:58] ===== MULAI PROSES NOTIFIKASI H-1 =====
[2026-05-29 04:27:58] Ditemukan 0 peminjaman yang perlu dinotifikasi.
[2026-05-29 04:27:58] Tidak ada notifikasi yang perlu dikirim hari ini.
[2026-05-29 04:27:58] ===== SELESAI =====
[2026-05-29 04:45:08] ===== MULAI PROSES NOTIFIKASI H-1 =====
[2026-05-29 04:45:08] Ditemukan 1 peminjaman yang perlu dinotifikasi.
[2026-05-29 04:45:08] Mengirim ke: Andi Pratama <alfredocameleon@gmail.com> | Barang: Kikir Plat (ALT-005)
[2026-05-29 04:45:12]   ✓ BERHASIL dikirim ke alfredocameleon@gmail.com
[2026-05-29 04:45:13] -------------------------------------------
[2026-05-29 04:45:13] Selesai. Berhasil: 1 | Gagal: 0 | Total: 1
[2026-05-29 04:45:13] ===== SELESAI =====
